// Jest Snapshot v1, https://goo.gl/fbAQLP

exports[`renders PageHeader correctly 1`] = `<div />`;
